ARM Linker, 4.1 [Build 713] [Evaluation]

==============================================================================

Section Cross References

    countfreq.o(RESET) refers to countfreq.o(ARMuser) for IRQ_Addr
    countfreq.o(RESET) refers to countfreq.o(DATA) for P0COUNT
    countfreq.o(RESET) refers to countfreq.o(STACK) for DEBUG_CNT
    countfreq.o(ARMuser) refers to countfreq.o(DATA) for P0COUNT
    countfreq.o(ARMuser) refers to countfreq.o(STACK) for Stack_Top


==============================================================================

Image Symbol Table

    Local Symbols

    Symbol Name                              Value     Ov Type        Size  Object(Section)

    RESET                                    0x00000000   Section       92  countfreq.o(RESET)
    countfreq.s                              0x00000000   Number         0  countfreq.o ABSOLUTE
    Undef_Handler                            0x00000048   ARM Code       4  countfreq.o(RESET)
    SWI_Handler                              0x0000004c   ARM Code       4  countfreq.o(RESET)
    PAbt_Handler                             0x00000050   ARM Code       4  countfreq.o(RESET)
    DAbt_Handler                             0x00000054   ARM Code       4  countfreq.o(RESET)
    FIQ_Handler                              0x00000058   ARM Code       4  countfreq.o(RESET)
    ARMuser                                  0x0000005c   Section      432  countfreq.o(ARMuser)
    IRQ_Addr                                 0x0000005c   Data           4  countfreq.o(ARMuser)
    ISR_FUNC1                                0x00000074   ARM Code       4  countfreq.o(ARMuser)
    Reset_Handler                            0x0000008c   ARM Code       0  countfreq.o(ARMuser)
    SIMCONTROL                               0x000001e8   Data           0  countfreq.o(ARMuser)
    DATA                                     0x40000000   Section       16  countfreq.o(DATA)
    P0COUNT                                  0x40000000   Data           4  countfreq.o(DATA)
    P1COUNT                                  0x40000004   Data           4  countfreq.o(DATA)
    P2COUNT                                  0x40000008   Data           4  countfreq.o(DATA)
    P3COUNT                                  0x4000000c   Data           4  countfreq.o(DATA)
    STACK                                    0x40000010   Section      272  countfreq.o(STACK)
    DEBUG_CNT                                0x40000010   Data          16  countfreq.o(STACK)
    Stack_Top                                0x40000120   Data           0  countfreq.o(STACK)

    Global Symbols

    Symbol Name                              Value     Ov Type        Size  Object(Section)

    BuildAttributes$$THM_ISAv1$ARM_ISAv4$S$PE$A:L22$X:L11$S22$IEEE1$IW$USESV6$~STKCKD$USESV7$~SHL$OSPACE$EBA8$STANDARDLIB$EABIv2 0x00000000   Number         0  anon$$obj.o ABSOLUTE



==============================================================================

Memory Map of the image

  Image Entry point : 0x00000000

  Load Region LR_IROM1 (Base: 0x00000000, Size: 0x0000021c, Max: 0x00008000, ABSOLUTE)

    Execution Region ER_IROM1 (Base: 0x00000000, Size: 0x0000020c, Max: 0x00008000, ABSOLUTE)

    Base Addr    Size         Type   Attr      Idx    E Section Name        Object

    0x00000000   0x0000005c   Code   RO            1  * RESET               countfreq.o
    0x0000005c   0x000001b0   Code   RO            2    ARMuser             countfreq.o


    Execution Region RW_IRAM1 (Base: 0x40000000, Size: 0x00000120, Max: 0x00002000, ABSOLUTE)

    Base Addr    Size         Type   Attr      Idx    E Section Name        Object

    0x40000000   0x00000010   Data   RW            3    DATA                countfreq.o
    0x40000010   0x00000110   Zero   RW            4    STACK               countfreq.o


==============================================================================

Image component sizes


      Code (inc. data)   RO Data    RW Data    ZI Data      Debug   Object Name

       524        128          0         16        272        552   countfreq.o

    ----------------------------------------------------------------------
       524        128          0         16        272        552   Object Totals
         0          0          0          0          0          0   (incl. Generated)
         0          0          0          0          0          0   (incl. Padding)

    ----------------------------------------------------------------------
         0          0          0          0          0          0   Library Totals
         0          0          0          0          0          0   (incl. Padding)

    ----------------------------------------------------------------------

==============================================================================


      Code (inc. data)   RO Data    RW Data    ZI Data      Debug   

       524        128          0         16        272        552   Grand Totals
       524        128          0         16        272        552   ELF Image Totals
       524        128          0         16          0          0   ROM Totals

==============================================================================

    Total RO  Size (Code + RO Data)                  524 (   0.51kB)
    Total RW  Size (RW Data + ZI Data)               288 (   0.28kB)
    Total ROM Size (Code + RO Data + RW Data)        540 (   0.53kB)

==============================================================================

